Calculating task graph as configuration cache cannot be reused because environment variable 'JAVA_HOME' has changed.

> Configure project :app
WARNING: app/keystore.properties not found (see app/keystore.properties.example). Release build type will fall back to debug signing - DO NOT distribute a release build signed this way.

> Task :app:preBuild UP-TO-DATE
> Task :app:generateDebugAssets UP-TO-DATE
> Task :app:preDebugBuild UP-TO-DATE
> Task :app:injectCrashlyticsMappingFileIdDebug UP-TO-DATE
> Task :app:processDebugGoogleServices UP-TO-DATE
> Task :app:generateDebugBuildConfig UP-TO-DATE
> Task :app:mergeDebugNativeDebugMetadata NO-SOURCE
> Task :app:generateDebugResources UP-TO-DATE
> Task :app:generateDebugGlobalSynthetics UP-TO-DATE
> Task :app:javaPreCompileDebug UP-TO-DATE
> Task :app:desugarDebugFileDependencies UP-TO-DATE
> Task :app:createDebugCompatibleScreenManifests UP-TO-DATE
> Task :app:validateSigningDebug UP-TO-DATE
> Task :app:extractDeepLinksDebug UP-TO-DATE
> Task :app:mergeDebugJniLibFolders UP-TO-DATE
> Task :app:mapDebugSourceSetPaths UP-TO-DATE
> Task :app:writeDebugAppMetadata UP-TO-DATE
> Task :app:writeDebugSigningConfigVersions UP-TO-DATE
> Task :app:packageDebugResources UP-TO-DATE
> Task :app:mergeDebugAssets UP-TO-DATE
> Task :app:compressDebugAssets UP-TO-DATE
> Task :app:mergeDebugNativeLibs UP-TO-DATE
> Task :app:stripDebugDebugSymbols UP-TO-DATE
> Task :app:mergeDebugResources UP-TO-DATE
> Task :app:processDebugNavigationResources UP-TO-DATE
> Task :app:compileDebugNavigationResources UP-TO-DATE
> Task :app:parseDebugLocalResources UP-TO-DATE
> Task :app:generateDebugRFile UP-TO-DATE
> Task :app:checkDebugAarMetadata UP-TO-DATE
> Task :app:checkDebugDuplicateClasses UP-TO-DATE
> Task :app:mergeLibDexDebug UP-TO-DATE
> Task :app:processDebugMainManifest UP-TO-DATE
> Task :app:processDebugManifest UP-TO-DATE
> Task :app:processDebugManifestForPackage UP-TO-DATE
> Task :app:mergeExtDexDebug UP-TO-DATE
> Task :app:processDebugResources UP-TO-DATE
> Task :app:kspDebugKotlin

> Task :app:compileDebugKotlin FAILED
e: file:///Users/21cabbage/GlowupAI/app/src/main/java/com/glowup/ai/core/ui/GlowAsyncImage.kt:75:22 Unresolved reference 'crossfade'.
e: file:///Users/21cabbage/GlowupAI/app/src/main/java/com/glowup/ai/core/ui/GlowAsyncImage.kt:89:18 Unresolved reference 'crossfade'.
e: file:///Users/21cabbage/GlowupAI/app/src/main/java/com/glowup/ai/di/CoilModule.kt:57:32 Argument type mismatch: actual type is 'java.nio.file.Path!', but 'okio.Path' was expected.
e: file:///Users/21cabbage/GlowupAI/app/src/main/java/com/glowup/ai/di/CoilModule.kt:62:14 Unresolved reference 'respectCacheHeaders'.
e: file:///Users/21cabbage/GlowupAI/app/src/main/java/com/glowup/ai/di/CoilModule.kt:66:14 Cannot infer type for type parameter 'T'. Specify it explicitly.
e: file:///Users/21cabbage/GlowupAI/app/src/main/java/com/glowup/ai/di/CoilModule.kt:66:20 Cannot infer type for type parameter 'T'. Specify it explicitly.
e: file:///Users/21cabbage/GlowupAI/app/src/main/java/com/glowup/ai/di/CoilModule.kt:68:21 Unresolved reference 'logger'.
e: file:///Users/21cabbage/GlowupAI/app/src/main/java/com/glowup/ai/di/CoilModule.kt:71:14 Unresolved reference 'build'.
e: file:///Users/21cabbage/GlowupAI/app/src/main/java/com/glowup/ai/domain/calculator/AchievementCalculator.kt:3:35 Unresolved reference 'Achievement'.
e: file:///Users/21cabbage/GlowupAI/app/src/main/java/com/glowup/ai/domain/calculator/AchievementCalculator.kt:45:38 Unresolved reference 'consentHistory'.
e: file:///Users/21cabbage/GlowupAI/app/src/main/java/com/glowup/ai/feature/capture/PhotoComparisonScreen.kt:402:12 Unresolved reference 'clipPath'.
e: file:///Users/21cabbage/GlowupAI/app/src/main/java/com/glowup/ai/feature/capture/PhotoGridScreen.kt:337:61 Unresolved reference 'experimentId'.

FAILURE: Build failed with an exception.

* What went wrong:
Execution failed for task ':app:compileDebugKotlin' (registered by plugin 'com.android.internal.application').
> A failure occurred while executing org.jetbrains.kotlin.compilerRunner.GradleCompilerRunnerWithWorkers$GradleKotlinCompilerWorkAction
   > Compilation error. See log for more details

* Try:
> Run with --stacktrace option to get the stack trace.
> Run with --info or --debug option to get more log output.
> Run with --scan to get full insights from a Build Scan (powered by Develocity).
> Get more help at https://help.gradle.org.

BUILD FAILED in 6s
34 actionable tasks: 2 executed, 32 up-to-date
Configuration cache entry stored.
