Starting a Gradle Daemon, 2 busy Daemons could not be reused, use --status for details
Calculating task graph as no cached configuration is available for tasks: compileDebugKotlin
Configuration cache entry stored.
