{"timestamp": "2026-08-31 17:14:13,546", "level": "INFO", "logger": "skinproof.complete_api", "message": "Initializing SkinProof application", "request_id": null}
{"timestamp": "2026-08-31 17:14:13,549", "level": "INFO", "logger": "skinproof.observability", "message": "OpenTelemetry instrumentation disabled (set OTEL_ENABLED=1 to enable)", "request_id": null}
{"timestamp": "2026-08-31 17:14:13,549", "level": "INFO", "logger": "skinproof.shutdown", "message": "Signal handlers registered for graceful shutdown", "request_id": null}
{"timestamp": "2026-08-31 17:14:13,549", "level": "INFO", "logger": "skinproof.complete_api", "message": "Middleware configured: rate_limit=False, timeout=30s", "request_id": null}
INFO:     Started server process [38358]
INFO:     Waiting for application startup.
INFO:     Application startup complete.
INFO:     Uvicorn running on http://0.0.0.0:8000 (Press CTRL+C to quit)
{"timestamp": "2026-08-31 17:14:16,160", "level": "INFO", "logger": "skinproof.access", "message": "GET /api/health", "request_id": "782e1427-b58c-451b-b46e-bfca09ddcd58", "endpoint": "GET /api/health"}
{"timestamp": "2026-08-31 17:14:16,162", "level": "INFO", "logger": "skinproof.access", "message": "Response 200", "request_id": "782e1427-b58c-451b-b46e-bfca09ddcd58", "endpoint": "GET /api/health", "duration_ms": 1.63, "status_code": 200}
{"timestamp": "2026-08-31 17:20:02,963", "level": "INFO", "logger": "skinproof.access", "message": "POST /api/users/0eb1a505-c658-4a2b-abe2-08d1a3a93b6b/engagement", "request_id": "b77e5cf9-4c8f-4f1b-b43d-89fc8b3c7376", "endpoint": "POST /api/users/0eb1a505-c658-4a2b-abe2-08d1a3a93b6b/engagement"}
{"timestamp": "2026-08-31 17:20:02,964", "level": "INFO", "logger": "skinproof.access", "message": "GET /api/health", "request_id": "76aac1dd-2c0d-45d5-8575-88ba5c5becda", "endpoint": "GET /api/health"}
{"timestamp": "2026-08-31 17:20:02,972", "level": "INFO", "logger": "skinproof.access", "message": "Response 200", "request_id": "76aac1dd-2c0d-45d5-8575-88ba5c5becda", "endpoint": "GET /api/health", "duration_ms": 6.92, "status_code": 200}
{"timestamp": "2026-08-31 17:20:02,975", "level": "INFO", "logger": "skinproof.access", "message": "Response 200", "request_id": "b77e5cf9-4c8f-4f1b-b43d-89fc8b3c7376", "endpoint": "POST /api/users/0eb1a505-c658-4a2b-abe2-08d1a3a93b6b/engagement", "duration_ms": 12.55, "status_code": 200}
{"timestamp": "2026-08-31 17:20:03,482", "level": "INFO", "logger": "skinproof.access", "message": "POST /api/auth/session", "request_id": "e87cf988-d480-4049-9235-1a5ce1101654", "endpoint": "POST /api/auth/session"}
{"timestamp": "2026-08-31 17:20:03,608", "level": "INFO", "logger": "skinproof.access", "message": "Response 200", "request_id": "e87cf988-d480-4049-9235-1a5ce1101654", "endpoint": "POST /api/auth/session", "duration_ms": 125.86, "status_code": 200}
{"timestamp": "2026-08-31 17:20:03,840", "level": "INFO", "logger": "skinproof.access", "message": "GET /api/users/0eb1a505-c658-4a2b-abe2-08d1a3a93b6b/profile", "request_id": "b916ddc4-beab-437c-807c-29154f9708e6", "endpoint": "GET /api/users/0eb1a505-c658-4a2b-abe2-08d1a3a93b6b/profile"}
{"timestamp": "2026-08-31 17:20:03,841", "level": "INFO", "logger": "skinproof.access", "message": "Response 200", "request_id": "b916ddc4-beab-437c-807c-29154f9708e6", "endpoint": "GET /api/users/0eb1a505-c658-4a2b-abe2-08d1a3a93b6b/profile", "duration_ms": 1.97, "status_code": 200}
{"timestamp": "2026-08-31 17:20:03,919", "level": "INFO", "logger": "skinproof.access", "message": "GET /api/users/0eb1a505-c658-4a2b-abe2-08d1a3a93b6b/profile", "request_id": "b59d4035-09e4-4d17-a6c5-88830ebf81f9", "endpoint": "GET /api/users/0eb1a505-c658-4a2b-abe2-08d1a3a93b6b/profile"}
{"timestamp": "2026-08-31 17:20:03,921", "level": "INFO", "logger": "skinproof.access", "message": "Response 200", "request_id": "b59d4035-09e4-4d17-a6c5-88830ebf81f9", "endpoint": "GET /api/users/0eb1a505-c658-4a2b-abe2-08d1a3a93b6b/profile", "duration_ms": 1.66, "status_code": 200}
{"timestamp": "2026-08-31 17:20:03,935", "level": "INFO", "logger": "skinproof.access", "message": "GET /api/users/0eb1a505-c658-4a2b-abe2-08d1a3a93b6b/capture-guide", "request_id": "43fc48f9-ad89-4907-b635-64cec465a3d2", "endpoint": "GET /api/users/0eb1a505-c658-4a2b-abe2-08d1a3a93b6b/capture-guide"}
{"timestamp": "2026-08-31 17:20:03,942", "level": "INFO", "logger": "skinproof.access", "message": "Response 200", "request_id": "43fc48f9-ad89-4907-b635-64cec465a3d2", "endpoint": "GET /api/users/0eb1a505-c658-4a2b-abe2-08d1a3a93b6b/capture-guide", "duration_ms": 7.14, "status_code": 200}
{"timestamp": "2026-08-31 17:20:36,946", "level": "INFO", "logger": "skinproof.access", "message": "POST /api/captures", "request_id": "b278cd87-adc6-4857-ac63-6231a781ea2b", "endpoint": "POST /api/captures"}
{"timestamp": "2026-08-31 17:20:37,008", "level": "INFO", "logger": "skinproof.access", "message": "Response 200", "request_id": "b278cd87-adc6-4857-ac63-6231a781ea2b", "endpoint": "POST /api/captures", "duration_ms": 62.25, "status_code": 200}
{"timestamp": "2026-08-31 17:20:44,512", "level": "INFO", "logger": "skinproof.access", "message": "POST /api/captures", "request_id": "616e92d7-23da-43d2-b8c6-ed69bf1fccad", "endpoint": "POST /api/captures"}
{"timestamp": "2026-08-31 17:20:44,556", "level": "INFO", "logger": "skinproof.access", "message": "Response 200", "request_id": "616e92d7-23da-43d2-b8c6-ed69bf1fccad", "endpoint": "POST /api/captures", "duration_ms": 44.52, "status_code": 200}
{"timestamp": "2026-08-31 17:23:45,160", "level": "INFO", "logger": "skinproof.access", "message": "GET /api/health", "request_id": "0d0f7d6a-f555-491c-bae2-0b6e4d242747", "endpoint": "GET /api/health"}
{"timestamp": "2026-08-31 17:23:45,161", "level": "INFO", "logger": "skinproof.access", "message": "POST /api/users/0eb1a505-c658-4a2b-abe2-08d1a3a93b6b/engagement", "request_id": "26182a92-f8e4-4597-beff-211f8f52eaa7", "endpoint": "POST /api/users/0eb1a505-c658-4a2b-abe2-08d1a3a93b6b/engagement"}
{"timestamp": "2026-08-31 17:23:45,165", "level": "INFO", "logger": "skinproof.access", "message": "Response 200", "request_id": "0d0f7d6a-f555-491c-bae2-0b6e4d242747", "endpoint": "GET /api/health", "duration_ms": 4.74, "status_code": 200}
{"timestamp": "2026-08-31 17:23:45,168", "level": "INFO", "logger": "skinproof.access", "message": "Response 200", "request_id": "26182a92-f8e4-4597-beff-211f8f52eaa7", "endpoint": "POST /api/users/0eb1a505-c658-4a2b-abe2-08d1a3a93b6b/engagement", "duration_ms": 6.9, "status_code": 200}
{"timestamp": "2026-08-31 17:23:45,658", "level": "INFO", "logger": "skinproof.access", "message": "POST /api/auth/session", "request_id": "94901946-c264-40dc-a294-f22340a1505f", "endpoint": "POST /api/auth/session"}
{"timestamp": "2026-08-31 17:23:45,661", "level": "INFO", "logger": "skinproof.access", "message": "Response 200", "request_id": "94901946-c264-40dc-a294-f22340a1505f", "endpoint": "POST /api/auth/session", "duration_ms": 3.17, "status_code": 200}
{"timestamp": "2026-08-31 17:23:45,714", "level": "INFO", "logger": "skinproof.access", "message": "GET /api/users/0eb1a505-c658-4a2b-abe2-08d1a3a93b6b/profile", "request_id": "d96e4e3c-bf6f-43bc-af41-80bebfd5e7c5", "endpoint": "GET /api/users/0eb1a505-c658-4a2b-abe2-08d1a3a93b6b/profile"}
{"timestamp": "2026-08-31 17:23:45,716", "level": "INFO", "logger": "skinproof.access", "message": "Response 200", "request_id": "d96e4e3c-bf6f-43bc-af41-80bebfd5e7c5", "endpoint": "GET /api/users/0eb1a505-c658-4a2b-abe2-08d1a3a93b6b/profile", "duration_ms": 2.3, "status_code": 200}
{"timestamp": "2026-08-31 17:23:45,857", "level": "INFO", "logger": "skinproof.access", "message": "POST /api/users/0eb1a505-c658-4a2b-abe2-08d1a3a93b6b/engagement", "request_id": "6dda2a91-b4e8-47cc-a1bf-7acdf98f25ee", "endpoint": "POST /api/users/0eb1a505-c658-4a2b-abe2-08d1a3a93b6b/engagement"}
{"timestamp": "2026-08-31 17:23:45,860", "level": "INFO", "logger": "skinproof.access", "message": "Response 200", "request_id": "6dda2a91-b4e8-47cc-a1bf-7acdf98f25ee", "endpoint": "POST /api/users/0eb1a505-c658-4a2b-abe2-08d1a3a93b6b/engagement", "duration_ms": 2.69, "status_code": 200}
{"timestamp": "2026-08-31 17:23:45,907", "level": "INFO", "logger": "skinproof.access", "message": "GET /api/users/0eb1a505-c658-4a2b-abe2-08d1a3a93b6b/dashboard", "request_id": "5e2731ff-ad58-4c6f-ad07-16b493fc6930", "endpoint": "GET /api/users/0eb1a505-c658-4a2b-abe2-08d1a3a93b6b/dashboard"}
{"timestamp": "2026-08-31 17:23:45,912", "level": "INFO", "logger": "skinproof.access", "message": "Response 200", "request_id": "5e2731ff-ad58-4c6f-ad07-16b493fc6930", "endpoint": "GET /api/users/0eb1a505-c658-4a2b-abe2-08d1a3a93b6b/dashboard", "duration_ms": 4.94, "status_code": 200}
{"timestamp": "2026-08-31 17:23:45,925", "level": "INFO", "logger": "skinproof.access", "message": "GET /api/users/0eb1a505-c658-4a2b-abe2-08d1a3a93b6b/history", "request_id": "8d228d76-5a34-49da-9e3c-f10e22988787", "endpoint": "GET /api/users/0eb1a505-c658-4a2b-abe2-08d1a3a93b6b/history"}
{"timestamp": "2026-08-31 17:23:45,927", "level": "INFO", "logger": "skinproof.access", "message": "Response 200", "request_id": "8d228d76-5a34-49da-9e3c-f10e22988787", "endpoint": "GET /api/users/0eb1a505-c658-4a2b-abe2-08d1a3a93b6b/history", "duration_ms": 1.89, "status_code": 200}
{"timestamp": "2026-08-31 17:23:49,960", "level": "INFO", "logger": "skinproof.access", "message": "GET /api/users/0eb1a505-c658-4a2b-abe2-08d1a3a93b6b/dashboard", "request_id": "562ff108-c1a5-4e01-9cdb-fc97d18ca71f", "endpoint": "GET /api/users/0eb1a505-c658-4a2b-abe2-08d1a3a93b6b/dashboard"}
{"timestamp": "2026-08-31 17:23:49,962", "level": "INFO", "logger": "skinproof.access", "message": "Response 200", "request_id": "562ff108-c1a5-4e01-9cdb-fc97d18ca71f", "endpoint": "GET /api/users/0eb1a505-c658-4a2b-abe2-08d1a3a93b6b/dashboard", "duration_ms": 2.26, "status_code": 200}
{"timestamp": "2026-08-31 17:23:49,979", "level": "INFO", "logger": "skinproof.access", "message": "GET /api/users/0eb1a505-c658-4a2b-abe2-08d1a3a93b6b/history", "request_id": "f2337533-8300-4ab5-a023-1c010485ff2d", "endpoint": "GET /api/users/0eb1a505-c658-4a2b-abe2-08d1a3a93b6b/history"}
{"timestamp": "2026-08-31 17:23:49,982", "level": "INFO", "logger": "skinproof.access", "message": "Response 200", "request_id": "f2337533-8300-4ab5-a023-1c010485ff2d", "endpoint": "GET /api/users/0eb1a505-c658-4a2b-abe2-08d1a3a93b6b/history", "duration_ms": 2.07, "status_code": 200}
{"timestamp": "2026-08-31 17:23:50,691", "level": "INFO", "logger": "skinproof.access", "message": "GET /api/users/0eb1a505-c658-4a2b-abe2-08d1a3a93b6b/dashboard", "request_id": "3cccfa01-7993-4876-90c7-c869d3d119b6", "endpoint": "GET /api/users/0eb1a505-c658-4a2b-abe2-08d1a3a93b6b/dashboard"}
{"timestamp": "2026-08-31 17:23:50,694", "level": "INFO", "logger": "skinproof.access", "message": "Response 200", "request_id": "3cccfa01-7993-4876-90c7-c869d3d119b6", "endpoint": "GET /api/users/0eb1a505-c658-4a2b-abe2-08d1a3a93b6b/dashboard", "duration_ms": 3.14, "status_code": 200}
{"timestamp": "2026-08-31 17:23:50,712", "level": "INFO", "logger": "skinproof.access", "message": "GET /api/users/0eb1a505-c658-4a2b-abe2-08d1a3a93b6b/history", "request_id": "625f5a20-9f32-444a-954e-249dedbe1e58", "endpoint": "GET /api/users/0eb1a505-c658-4a2b-abe2-08d1a3a93b6b/history"}
{"timestamp": "2026-08-31 17:23:50,714", "level": "INFO", "logger": "skinproof.access", "message": "Response 200", "request_id": "625f5a20-9f32-444a-954e-249dedbe1e58", "endpoint": "GET /api/users/0eb1a505-c658-4a2b-abe2-08d1a3a93b6b/history", "duration_ms": 1.62, "status_code": 200}
{"timestamp": "2026-08-31 17:24:11,720", "level": "INFO", "logger": "skinproof.access", "message": "GET /api/users/0eb1a505-c658-4a2b-abe2-08d1a3a93b6b/dashboard", "request_id": "b8f825eb-1dba-43eb-9ad3-5786052afb2e", "endpoint": "GET /api/users/0eb1a505-c658-4a2b-abe2-08d1a3a93b6b/dashboard"}
{"timestamp": "2026-08-31 17:24:11,723", "level": "INFO", "logger": "skinproof.access", "message": "Response 200", "request_id": "b8f825eb-1dba-43eb-9ad3-5786052afb2e", "endpoint": "GET /api/users/0eb1a505-c658-4a2b-abe2-08d1a3a93b6b/dashboard", "duration_ms": 3.79, "status_code": 200}
{"timestamp": "2026-08-31 17:24:12,229", "level": "INFO", "logger": "skinproof.access", "message": "GET /api/users/0eb1a505-c658-4a2b-abe2-08d1a3a93b6b/history", "request_id": "1f9a4d6c-a20c-44ea-8440-667643fb523e", "endpoint": "GET /api/users/0eb1a505-c658-4a2b-abe2-08d1a3a93b6b/history"}
{"timestamp": "2026-08-31 17:24:12,231", "level": "INFO", "logger": "skinproof.access", "message": "Response 200", "request_id": "1f9a4d6c-a20c-44ea-8440-667643fb523e", "endpoint": "GET /api/users/0eb1a505-c658-4a2b-abe2-08d1a3a93b6b/history", "duration_ms": 1.92, "status_code": 200}
{"timestamp": "2026-08-31 17:24:55,452", "level": "INFO", "logger": "skinproof.access", "message": "GET /api/users/0eb1a505-c658-4a2b-abe2-08d1a3a93b6b/dashboard", "request_id": "73b1a98a-6cbd-432c-ba38-6fed573a0a7e", "endpoint": "GET /api/users/0eb1a505-c658-4a2b-abe2-08d1a3a93b6b/dashboard"}
{"timestamp": "2026-08-31 17:24:55,456", "level": "INFO", "logger": "skinproof.access", "message": "Response 200", "request_id": "73b1a98a-6cbd-432c-ba38-6fed573a0a7e", "endpoint": "GET /api/users/0eb1a505-c658-4a2b-abe2-08d1a3a93b6b/dashboard", "duration_ms": 3.71, "status_code": 200}
{"timestamp": "2026-08-31 17:25:50,777", "level": "INFO", "logger": "skinproof.access", "message": "GET /api/users/0eb1a505-c658-4a2b-abe2-08d1a3a93b6b/dashboard", "request_id": "3bf5b6bf-52f0-4b64-a9b8-11676514f0f8", "endpoint": "GET /api/users/0eb1a505-c658-4a2b-abe2-08d1a3a93b6b/dashboard"}
{"timestamp": "2026-08-31 17:25:50,779", "level": "INFO", "logger": "skinproof.access", "message": "Response 200", "request_id": "3bf5b6bf-52f0-4b64-a9b8-11676514f0f8", "endpoint": "GET /api/users/0eb1a505-c658-4a2b-abe2-08d1a3a93b6b/dashboard", "duration_ms": 2.43, "status_code": 200}
{"timestamp": "2026-08-31 17:26:02,228", "level": "INFO", "logger": "skinproof.access", "message": "GET /api/health", "request_id": "a9f6fbe1-c5cf-466a-be29-0b69325ea577", "endpoint": "GET /api/health"}
{"timestamp": "2026-08-31 17:26:02,237", "level": "INFO", "logger": "skinproof.access", "message": "POST /api/users/0eb1a505-c658-4a2b-abe2-08d1a3a93b6b/engagement", "request_id": "747a716b-5600-4818-811a-84dfea33aaba", "endpoint": "POST /api/users/0eb1a505-c658-4a2b-abe2-08d1a3a93b6b/engagement"}
{"timestamp": "2026-08-31 17:26:02,238", "level": "INFO", "logger": "skinproof.access", "message": "Response 200", "request_id": "a9f6fbe1-c5cf-466a-be29-0b69325ea577", "endpoint": "GET /api/health", "duration_ms": 9.88, "status_code": 200}
{"timestamp": "2026-08-31 17:26:02,241", "level": "INFO", "logger": "skinproof.access", "message": "Response 200", "request_id": "747a716b-5600-4818-811a-84dfea33aaba", "endpoint": "POST /api/users/0eb1a505-c658-4a2b-abe2-08d1a3a93b6b/engagement", "duration_ms": 4.5, "status_code": 200}
{"timestamp": "2026-08-31 17:26:02,734", "level": "INFO", "logger": "skinproof.access", "message": "POST /api/auth/session", "request_id": "c24bee9a-83c3-4b79-b644-8c89d61cbb1d", "endpoint": "POST /api/auth/session"}
{"timestamp": "2026-08-31 17:26:02,738", "level": "INFO", "logger": "skinproof.access", "message": "Response 200", "request_id": "c24bee9a-83c3-4b79-b644-8c89d61cbb1d", "endpoint": "POST /api/auth/session", "duration_ms": 3.9, "status_code": 200}
{"timestamp": "2026-08-31 17:26:02,793", "level": "INFO", "logger": "skinproof.access", "message": "GET /api/users/0eb1a505-c658-4a2b-abe2-08d1a3a93b6b/profile", "request_id": "bcbb511e-13e1-4e96-8774-c974104cde7b", "endpoint": "GET /api/users/0eb1a505-c658-4a2b-abe2-08d1a3a93b6b/profile"}
{"timestamp": "2026-08-31 17:26:02,794", "level": "INFO", "logger": "skinproof.access", "message": "Response 200", "request_id": "bcbb511e-13e1-4e96-8774-c974104cde7b", "endpoint": "GET /api/users/0eb1a505-c658-4a2b-abe2-08d1a3a93b6b/profile", "duration_ms": 1.23, "status_code": 200}
{"timestamp": "2026-08-31 17:26:02,905", "level": "INFO", "logger": "skinproof.access", "message": "POST /api/users/0eb1a505-c658-4a2b-abe2-08d1a3a93b6b/engagement", "request_id": "f861703d-e3ab-4089-8a1a-5a6bd6583629", "endpoint": "POST /api/users/0eb1a505-c658-4a2b-abe2-08d1a3a93b6b/engagement"}
{"timestamp": "2026-08-31 17:26:02,909", "level": "INFO", "logger": "skinproof.access", "message": "Response 200", "request_id": "f861703d-e3ab-4089-8a1a-5a6bd6583629", "endpoint": "POST /api/users/0eb1a505-c658-4a2b-abe2-08d1a3a93b6b/engagement", "duration_ms": 3.15, "status_code": 200}
{"timestamp": "2026-08-31 17:26:02,929", "level": "INFO", "logger": "skinproof.access", "message": "GET /api/users/0eb1a505-c658-4a2b-abe2-08d1a3a93b6b/dashboard", "request_id": "38c2b61a-3749-4261-be25-b85e7b639025", "endpoint": "GET /api/users/0eb1a505-c658-4a2b-abe2-08d1a3a93b6b/dashboard"}
{"timestamp": "2026-08-31 17:26:02,935", "level": "INFO", "logger": "skinproof.access", "message": "Response 200", "request_id": "38c2b61a-3749-4261-be25-b85e7b639025", "endpoint": "GET /api/users/0eb1a505-c658-4a2b-abe2-08d1a3a93b6b/dashboard", "duration_ms": 5.54, "status_code": 200}
{"timestamp": "2026-08-31 17:26:03,013", "level": "INFO", "logger": "skinproof.access", "message": "GET /api/users/0eb1a505-c658-4a2b-abe2-08d1a3a93b6b/history", "request_id": "0dc73153-ddb0-423c-9ecb-3edc1f0a82af", "endpoint": "GET /api/users/0eb1a505-c658-4a2b-abe2-08d1a3a93b6b/history"}
{"timestamp": "2026-08-31 17:26:03,016", "level": "INFO", "logger": "skinproof.access", "message": "Response 200", "request_id": "0dc73153-ddb0-423c-9ecb-3edc1f0a82af", "endpoint": "GET /api/users/0eb1a505-c658-4a2b-abe2-08d1a3a93b6b/history", "duration_ms": 2.4, "status_code": 200}
{"timestamp": "2026-08-31 17:36:29,963", "level": "INFO", "logger": "skinproof.access", "message": "GET /api/health", "request_id": "90d1cfaf-b195-4f4e-bed3-ce1ce4f8fe25", "endpoint": "GET /api/health"}
{"timestamp": "2026-08-31 17:36:29,964", "level": "INFO", "logger": "skinproof.access", "message": "POST /api/users/0eb1a505-c658-4a2b-abe2-08d1a3a93b6b/engagement", "request_id": "df0e5b59-5bc2-4a17-bc7c-1161c19d6847", "endpoint": "POST /api/users/0eb1a505-c658-4a2b-abe2-08d1a3a93b6b/engagement"}
{"timestamp": "2026-08-31 17:36:29,973", "level": "INFO", "logger": "skinproof.access", "message": "Response 200", "request_id": "90d1cfaf-b195-4f4e-bed3-ce1ce4f8fe25", "endpoint": "GET /api/health", "duration_ms": 10.42, "status_code": 200}
{"timestamp": "2026-08-31 17:36:29,977", "level": "INFO", "logger": "skinproof.access", "message": "Response 200", "request_id": "df0e5b59-5bc2-4a17-bc7c-1161c19d6847", "endpoint": "POST /api/users/0eb1a505-c658-4a2b-abe2-08d1a3a93b6b/engagement", "duration_ms": 12.74, "status_code": 200}
{"timestamp": "2026-08-31 17:36:30,467", "level": "INFO", "logger": "skinproof.access", "message": "POST /api/auth/session", "request_id": "e50d70b0-169b-4df1-a7db-9617048581d2", "endpoint": "POST /api/auth/session"}
{"timestamp": "2026-08-31 17:36:30,476", "level": "INFO", "logger": "skinproof.access", "message": "Response 200", "request_id": "e50d70b0-169b-4df1-a7db-9617048581d2", "endpoint": "POST /api/auth/session", "duration_ms": 9.06, "status_code": 200}
{"timestamp": "2026-08-31 17:36:30,534", "level": "INFO", "logger": "skinproof.access", "message": "GET /api/users/0eb1a505-c658-4a2b-abe2-08d1a3a93b6b/profile", "request_id": "0c4e09de-3bac-4f93-b926-cc71e703e65d", "endpoint": "GET /api/users/0eb1a505-c658-4a2b-abe2-08d1a3a93b6b/profile"}
{"timestamp": "2026-08-31 17:36:30,536", "level": "INFO", "logger": "skinproof.access", "message": "Response 200", "request_id": "0c4e09de-3bac-4f93-b926-cc71e703e65d", "endpoint": "GET /api/users/0eb1a505-c658-4a2b-abe2-08d1a3a93b6b/profile", "duration_ms": 1.93, "status_code": 200}
{"timestamp": "2026-08-31 17:36:30,640", "level": "INFO", "logger": "skinproof.access", "message": "POST /api/users/0eb1a505-c658-4a2b-abe2-08d1a3a93b6b/engagement", "request_id": "6b521e7e-a120-45ce-bc17-3740914612d1", "endpoint": "POST /api/users/0eb1a505-c658-4a2b-abe2-08d1a3a93b6b/engagement"}
{"timestamp": "2026-08-31 17:36:30,643", "level": "INFO", "logger": "skinproof.access", "message": "Response 200", "request_id": "6b521e7e-a120-45ce-bc17-3740914612d1", "endpoint": "POST /api/users/0eb1a505-c658-4a2b-abe2-08d1a3a93b6b/engagement", "duration_ms": 2.55, "status_code": 200}
{"timestamp": "2026-08-31 17:36:30,666", "level": "INFO", "logger": "skinproof.access", "message": "GET /api/users/0eb1a505-c658-4a2b-abe2-08d1a3a93b6b/dashboard", "request_id": "0d857e78-40be-4a56-8a94-7bc070f22f7c", "endpoint": "GET /api/users/0eb1a505-c658-4a2b-abe2-08d1a3a93b6b/dashboard"}
{"timestamp": "2026-08-31 17:36:30,672", "level": "INFO", "logger": "skinproof.access", "message": "Response 200", "request_id": "0d857e78-40be-4a56-8a94-7bc070f22f7c", "endpoint": "GET /api/users/0eb1a505-c658-4a2b-abe2-08d1a3a93b6b/dashboard", "duration_ms": 5.54, "status_code": 200}
{"timestamp": "2026-08-31 17:36:30,750", "level": "INFO", "logger": "skinproof.access", "message": "GET /api/users/0eb1a505-c658-4a2b-abe2-08d1a3a93b6b/history", "request_id": "01ceec3b-3ba6-4177-925a-97ef30a4fa51", "endpoint": "GET /api/users/0eb1a505-c658-4a2b-abe2-08d1a3a93b6b/history"}
{"timestamp": "2026-08-31 17:36:30,752", "level": "INFO", "logger": "skinproof.access", "message": "Response 200", "request_id": "01ceec3b-3ba6-4177-925a-97ef30a4fa51", "endpoint": "GET /api/users/0eb1a505-c658-4a2b-abe2-08d1a3a93b6b/history", "duration_ms": 1.89, "status_code": 200}
{"timestamp": "2026-08-31 17:36:40,756", "level": "INFO", "logger": "skinproof.access", "message": "GET /api/users/0eb1a505-c658-4a2b-abe2-08d1a3a93b6b/dashboard", "request_id": "7280d470-6ca4-4ec3-9fad-6aaa8eef1bca", "endpoint": "GET /api/users/0eb1a505-c658-4a2b-abe2-08d1a3a93b6b/dashboard"}
{"timestamp": "2026-08-31 17:36:40,761", "level": "INFO", "logger": "skinproof.access", "message": "Response 200", "request_id": "7280d470-6ca4-4ec3-9fad-6aaa8eef1bca", "endpoint": "GET /api/users/0eb1a505-c658-4a2b-abe2-08d1a3a93b6b/dashboard", "duration_ms": 4.35, "status_code": 200}
{"timestamp": "2026-08-31 17:36:41,264", "level": "INFO", "logger": "skinproof.access", "message": "GET /api/users/0eb1a505-c658-4a2b-abe2-08d1a3a93b6b/history", "request_id": "7afb5eb4-ce17-4749-9342-ee6e348993cc", "endpoint": "GET /api/users/0eb1a505-c658-4a2b-abe2-08d1a3a93b6b/history"}
{"timestamp": "2026-08-31 17:36:41,265", "level": "INFO", "logger": "skinproof.access", "message": "Response 200", "request_id": "7afb5eb4-ce17-4749-9342-ee6e348993cc", "endpoint": "GET /api/users/0eb1a505-c658-4a2b-abe2-08d1a3a93b6b/history", "duration_ms": 1.29, "status_code": 200}
{"timestamp": "2026-08-31 17:37:56,888", "level": "INFO", "logger": "skinproof.access", "message": "GET /api/users/0eb1a505-c658-4a2b-abe2-08d1a3a93b6b/dashboard", "request_id": "3f2147a2-b283-48ad-9426-9eda7afd64df", "endpoint": "GET /api/users/0eb1a505-c658-4a2b-abe2-08d1a3a93b6b/dashboard"}
{"timestamp": "2026-08-31 17:37:56,890", "level": "INFO", "logger": "skinproof.access", "message": "Response 200", "request_id": "3f2147a2-b283-48ad-9426-9eda7afd64df", "endpoint": "GET /api/users/0eb1a505-c658-4a2b-abe2-08d1a3a93b6b/dashboard", "duration_ms": 2.53, "status_code": 200}
{"timestamp": "2026-08-31 17:38:20,688", "level": "INFO", "logger": "skinproof.access", "message": "GET /api/users/0eb1a505-c658-4a2b-abe2-08d1a3a93b6b/dashboard", "request_id": "48b179a0-88f8-48d4-b8d2-c170b1fc1d3c", "endpoint": "GET /api/users/0eb1a505-c658-4a2b-abe2-08d1a3a93b6b/dashboard"}
{"timestamp": "2026-08-31 17:38:20,690", "level": "INFO", "logger": "skinproof.access", "message": "Response 200", "request_id": "48b179a0-88f8-48d4-b8d2-c170b1fc1d3c", "endpoint": "GET /api/users/0eb1a505-c658-4a2b-abe2-08d1a3a93b6b/dashboard", "duration_ms": 2.5, "status_code": 200}
{"timestamp": "2026-08-31 17:38:30,503", "level": "INFO", "logger": "skinproof.access", "message": "GET /api/users/0eb1a505-c658-4a2b-abe2-08d1a3a93b6b/dashboard", "request_id": "2d0ade2f-ec64-48ca-8d82-4d209e328970", "endpoint": "GET /api/users/0eb1a505-c658-4a2b-abe2-08d1a3a93b6b/dashboard"}
{"timestamp": "2026-08-31 17:38:30,505", "level": "INFO", "logger": "skinproof.access", "message": "Response 200", "request_id": "2d0ade2f-ec64-48ca-8d82-4d209e328970", "endpoint": "GET /api/users/0eb1a505-c658-4a2b-abe2-08d1a3a93b6b/dashboard", "duration_ms": 1.74, "status_code": 200}
{"timestamp": "2026-08-31 17:38:46,910", "level": "INFO", "logger": "skinproof.access", "message": "GET /api/users/0eb1a505-c658-4a2b-abe2-08d1a3a93b6b/dashboard", "request_id": "6c4eb0c9-c009-4db3-a7b8-362ce858af11", "endpoint": "GET /api/users/0eb1a505-c658-4a2b-abe2-08d1a3a93b6b/dashboard"}
{"timestamp": "2026-08-31 17:38:46,912", "level": "INFO", "logger": "skinproof.access", "message": "Response 200", "request_id": "6c4eb0c9-c009-4db3-a7b8-362ce858af11", "endpoint": "GET /api/users/0eb1a505-c658-4a2b-abe2-08d1a3a93b6b/dashboard", "duration_ms": 1.96, "status_code": 200}
{"timestamp": "2026-08-31 17:38:48,646", "level": "INFO", "logger": "skinproof.access", "message": "GET /api/users/0eb1a505-c658-4a2b-abe2-08d1a3a93b6b/dashboard", "request_id": "eba4a5bc-6a81-412c-bb28-33978ddff725", "endpoint": "GET /api/users/0eb1a505-c658-4a2b-abe2-08d1a3a93b6b/dashboard"}
{"timestamp": "2026-08-31 17:38:48,647", "level": "INFO", "logger": "skinproof.access", "message": "Response 200", "request_id": "eba4a5bc-6a81-412c-bb28-33978ddff725", "endpoint": "GET /api/users/0eb1a505-c658-4a2b-abe2-08d1a3a93b6b/dashboard", "duration_ms": 1.82, "status_code": 200}
{"timestamp": "2026-08-31 17:39:15,994", "level": "INFO", "logger": "skinproof.access", "message": "GET /api/users/0eb1a505-c658-4a2b-abe2-08d1a3a93b6b/dashboard", "request_id": "85cb44b2-0037-4b51-a6f7-b3bfae7c291a", "endpoint": "GET /api/users/0eb1a505-c658-4a2b-abe2-08d1a3a93b6b/dashboard"}
{"timestamp": "2026-08-31 17:39:15,996", "level": "INFO", "logger": "skinproof.access", "message": "Response 200", "request_id": "85cb44b2-0037-4b51-a6f7-b3bfae7c291a", "endpoint": "GET /api/users/0eb1a505-c658-4a2b-abe2-08d1a3a93b6b/dashboard", "duration_ms": 1.62, "status_code": 200}
{"timestamp": "2026-08-31 17:39:50,622", "level": "INFO", "logger": "skinproof.access", "message": "GET /api/users/0eb1a505-c658-4a2b-abe2-08d1a3a93b6b/dashboard", "request_id": "ac6e9941-6a52-4360-a2f3-1d6fcf161565", "endpoint": "GET /api/users/0eb1a505-c658-4a2b-abe2-08d1a3a93b6b/dashboard"}
{"timestamp": "2026-08-31 17:39:50,624", "level": "INFO", "logger": "skinproof.access", "message": "Response 200", "request_id": "ac6e9941-6a52-4360-a2f3-1d6fcf161565", "endpoint": "GET /api/users/0eb1a505-c658-4a2b-abe2-08d1a3a93b6b/dashboard", "duration_ms": 1.8, "status_code": 200}
{"timestamp": "2026-08-31 17:39:55,072", "level": "INFO", "logger": "skinproof.access", "message": "GET /api/users/0eb1a505-c658-4a2b-abe2-08d1a3a93b6b/dashboard", "request_id": "7089c806-434c-4cf8-8d88-2061fc9b338c", "endpoint": "GET /api/users/0eb1a505-c658-4a2b-abe2-08d1a3a93b6b/dashboard"}
{"timestamp": "2026-08-31 17:39:55,074", "level": "INFO", "logger": "skinproof.access", "message": "Response 200", "request_id": "7089c806-434c-4cf8-8d88-2061fc9b338c", "endpoint": "GET /api/users/0eb1a505-c658-4a2b-abe2-08d1a3a93b6b/dashboard", "duration_ms": 1.93, "status_code": 200}
{"timestamp": "2026-08-31 17:40:31,150", "level": "INFO", "logger": "skinproof.access", "message": "GET /api/users/0eb1a505-c658-4a2b-abe2-08d1a3a93b6b/dashboard", "request_id": "73839d0c-e1ca-47e1-b865-ef3e4b37c74e", "endpoint": "GET /api/users/0eb1a505-c658-4a2b-abe2-08d1a3a93b6b/dashboard"}
{"timestamp": "2026-08-31 17:40:31,157", "level": "INFO", "logger": "skinproof.access", "message": "Response 200", "request_id": "73839d0c-e1ca-47e1-b865-ef3e4b37c74e", "endpoint": "GET /api/users/0eb1a505-c658-4a2b-abe2-08d1a3a93b6b/dashboard", "duration_ms": 7.06, "status_code": 200}
{"timestamp": "2026-08-31 21:23:50,660", "level": "INFO", "logger": "skinproof.access", "message": "GET /api/health", "request_id": "526d126d-66c8-47cc-846d-4f640b3db06b", "endpoint": "GET /api/health"}
{"timestamp": "2026-08-31 21:23:50,665", "level": "INFO", "logger": "skinproof.access", "message": "POST /api/users/0eb1a505-c658-4a2b-abe2-08d1a3a93b6b/engagement", "request_id": "75e2f8a1-691a-4f11-b0ba-9b2e8b212c4d", "endpoint": "POST /api/users/0eb1a505-c658-4a2b-abe2-08d1a3a93b6b/engagement"}
{"timestamp": "2026-08-31 21:23:50,679", "level": "INFO", "logger": "skinproof.access", "message": "Response 200", "request_id": "526d126d-66c8-47cc-846d-4f640b3db06b", "endpoint": "GET /api/health", "duration_ms": 19.71, "status_code": 200}
{"timestamp": "2026-08-31 21:23:50,681", "level": "INFO", "logger": "skinproof.access", "message": "Response 200", "request_id": "75e2f8a1-691a-4f11-b0ba-9b2e8b212c4d", "endpoint": "POST /api/users/0eb1a505-c658-4a2b-abe2-08d1a3a93b6b/engagement", "duration_ms": 18.47, "status_code": 200}
{"timestamp": "2026-08-31 21:23:51,189", "level": "INFO", "logger": "skinproof.access", "message": "POST /api/auth/session", "request_id": "56ee982b-7ce2-4543-8b32-cf25030f107c", "endpoint": "POST /api/auth/session"}
{"timestamp": "2026-08-31 21:23:51,193", "level": "INFO", "logger": "skinproof.access", "message": "Response 401", "request_id": "56ee982b-7ce2-4543-8b32-cf25030f107c", "endpoint": "POST /api/auth/session", "duration_ms": 3.47, "status_code": 401}
{"timestamp": "2026-08-31 22:31:45,772", "level": "INFO", "logger": "skinproof.access", "message": "GET /api/health", "request_id": "872332dd-e857-436a-a664-a00230e57ebc", "endpoint": "GET /api/health"}
{"timestamp": "2026-08-31 22:31:45,779", "level": "INFO", "logger": "skinproof.access", "message": "Response 200", "request_id": "872332dd-e857-436a-a664-a00230e57ebc", "endpoint": "GET /api/health", "duration_ms": 7.42, "status_code": 200}
{"timestamp": "2026-08-31 22:36:31,367", "level": "INFO", "logger": "skinproof.access", "message": "GET /api/health", "request_id": "c2587f92-6874-405a-9dc0-a07d81702537", "endpoint": "GET /api/health"}
{"timestamp": "2026-08-31 22:36:31,369", "level": "INFO", "logger": "skinproof.access", "message": "Response 200", "request_id": "c2587f92-6874-405a-9dc0-a07d81702537", "endpoint": "GET /api/health", "duration_ms": 2.94, "status_code": 200}
